// Jest Snapshot v1, https://goo.gl/fbAQLP

exports[` should render header correctly 1`] = `
<header>
  <h1>
     Expenszes 
  </h1>
  <NavLink
    activeClassName="is-active"
    ariaCurrent="true"
    exact={true}
    to="/"
  >
    Home
  </NavLink>
  <br />
  <NavLink
    activeClassName="is-active"
    ariaCurrent="true"
    to="/create"
  >
    New Expense
  </NavLink>
  <br />
  <div>
    Â 
  </div>
</header>
`;
