// Jest Snapshot v1, https://goo.gl/fbAQLP

exports[`should render login page with button 1`] = `
<div>
  <button
    type="button"
  >
    Login
  </button>
</div>
`;
